/home/samfishy/Documents/GitHub/RTOS_Custom/RTOS_Custom_kernel/RTOS/Custom_RTOS.c:25:6:idle_loop	8	static
/home/samfishy/Documents/GitHub/RTOS_Custom/RTOS_Custom_kernel/RTOS/Custom_RTOS.c:33:6:OS_start	4	static
/home/samfishy/Documents/GitHub/RTOS_Custom/RTOS_Custom_kernel/RTOS/Custom_RTOS.c:38:6:OS_init	24	static
/home/samfishy/Documents/GitHub/RTOS_Custom/RTOS_Custom_kernel/RTOS/Custom_RTOS.c:44:6:OS_IdleTsk	8	static
/home/samfishy/Documents/GitHub/RTOS_Custom/RTOS_Custom_kernel/RTOS/Custom_RTOS.c:49:6:OS_Delay	16	static,ignoring_inline_asm
/home/samfishy/Documents/GitHub/RTOS_Custom/RTOS_Custom_kernel/RTOS/Custom_RTOS.c:59:6:OS_Tick	24	static
/home/samfishy/Documents/GitHub/RTOS_Custom/RTOS_Custom_kernel/RTOS/Custom_RTOS.c:80:6:OS_schd	16	static
/home/samfishy/Documents/GitHub/RTOS_Custom/RTOS_Custom_kernel/RTOS/Custom_RTOS.c:98:6:OS_Thread_Start	40	static
/home/samfishy/Documents/GitHub/RTOS_Custom/RTOS_Custom_kernel/RTOS/Custom_RTOS.c:141:29:PendSV_Handler	0	static,ignoring_inline_asm
/home/samfishy/Documents/GitHub/RTOS_Custom/RTOS_Custom_kernel/RTOS/Custom_RTOS.c:181:6:SysTick_Handler	8	static,ignoring_inline_asm
