/home/samfishy/Documents/GitHub/RTOS_Custom/RTOS_Custom_kernel/RTOS/Custom_RTOS.c:14:6:OS_init	8	static
/home/samfishy/Documents/GitHub/RTOS_Custom/RTOS_Custom_kernel/RTOS/Custom_RTOS.c:19:6:OS_schd	4	static
/home/samfishy/Documents/GitHub/RTOS_Custom/RTOS_Custom_kernel/RTOS/Custom_RTOS.c:28:6:OS_Thread_Start	32	static
/home/samfishy/Documents/GitHub/RTOS_Custom/RTOS_Custom_kernel/RTOS/Custom_RTOS.c:60:29:PendSV_Handler	0	static,ignoring_inline_asm
/home/samfishy/Documents/GitHub/RTOS_Custom/RTOS_Custom_kernel/RTOS/Custom_RTOS.c:100:6:SysTick_Handler	8	static,ignoring_inline_asm
